// Jest Snapshot v1, https://goo.gl/fbAQLP

exports[`user resolver Query 1`] = `
Object {
  "_id": "admin",
}
`;
