// Jest Snapshot v1, https://goo.gl/fbAQLP

exports[`TextInput should render correctly 1`] = `
<TextInput
  id=""
  onChange={[Function]}
  value="text"
/>
`;
