// Jest Snapshot v1, https://goo.gl/fbAQLP

exports[`ExpenseForm renders without error 1`] = `
<form
  onSubmit={[Function]}
>
  <h4>
    Food
  </h4>
</form>
`;
