// Jest Snapshot v1, https://goo.gl/fbAQLP

exports[`Profile renders without error 1`] = `
<Profile
  changePassword={[Function]}
/>
`;
