// Jest Snapshot v1, https://goo.gl/fbAQLP

exports[`TransactionFormHOC without router id params should successfully add transaction 1`] = `
Object {
  "pathname": "/transactions/view",
  "state": Object {
    "id": "1",
  },
}
`;
