// Jest Snapshot v1, https://goo.gl/fbAQLP

exports[`Login should handle submit 1`] = `[Function]`;
