// Jest Snapshot v1, https://goo.gl/fbAQLP

exports[`AssetFormHOC updateAfterAdd should update assets cache: writeQuery 1`] = `
Object {
  "assets": Array [
    Object {
      "type": "ASSET",
    },
  ],
}
`;
