// Jest Snapshot v1, https://goo.gl/fbAQLP

exports[`AssetList should render correctly 1`] = `
"<ul>
  <AssetListItem url=\\"\\" asset={{...}} />
  <AssetListItem url=\\"\\" asset={{...}} />
  <AssetListItem url=\\"\\" asset={{...}} />
</ul>"
`;
