// Jest Snapshot v1, https://goo.gl/fbAQLP

exports[`auth createCredentials 1`] = `
Object {
  "algorithm": "argon2",
  "createdAt": 2018-06-20T00:00:00.000Z,
  "hash": "12345678901234567890123456789012password",
  "salt": "12345678901234567890123456789012",
  "valid": true,
}
`;
