// Jest Snapshot v1, https://goo.gl/fbAQLP

exports[`IncomeForm renders without error 1`] = `
<form
  onSubmit={[Function]}
>
  <h4>
    Salary
  </h4>
  <Button
    type="submit"
  >
    Save
  </Button>
</form>
`;
