// Jest Snapshot v1, https://goo.gl/fbAQLP

exports[`IncomeFormHOC without router id params should successfully add expense 1`] = `
Object {
  "pathname": "/incomes/view",
  "state": Object {
    "id": "666",
  },
}
`;
