// Jest Snapshot v1, https://goo.gl/fbAQLP

exports[`BudgetCell renders without error 1`] = `
<div
  style={
    Object {
      "height": 30,
    }
  }
>
  <Component
    onBlur={[Function]}
    onChange={[Function]}
    value={10}
  />
</div>
`;
