// Jest Snapshot v1, https://goo.gl/fbAQLP

exports[`BudgetRow should render correctly 1`] = `
<tr>
  <td>
    Train
  </td>
  <td
    key="Train_2018-06-10"
  >
    <BudgetCell
      amount={10}
      onDelete={[Function]}
      onUpdate={[Function]}
    />
  </td>
  <td
    key="Train_2018-06-25"
  >
    <BudgetCell
      amount={15}
      onDelete={[Function]}
      onUpdate={[Function]}
    />
  </td>
  <td
    key="Train_2018-07-10"
  >
    <BudgetCell
      amount={13}
      onDelete={[Function]}
      onUpdate={[Function]}
    />
  </td>
</tr>
`;
