// Jest Snapshot v1, https://goo.gl/fbAQLP

exports[`BudgetTableRow should call upsert 1`] = `
Array [
  Object {
    "account": "Food",
    "date": 2018-06-10T00:00:00.000Z,
  },
]
`;
